2026-09-15 17:56:39 - Targets: ('clashmeta', 'ndnode', 'nodev2ray', 'nodefree', 'v2rayshare', 'wenode')
2026-09-15 17:56:39 - Loaded config keys: ['clashmeta', 'ndnode', 'nodev2ray', 'nodefree', 'v2rayshare', 'wenode']
2026-09-15 17:56:39 - [OK] Configuration for 'clashmeta' is valid.
2026-09-15 17:56:39 - [OK] Configuration for 'ndnode' is valid.
2026-09-15 17:56:39 - [OK] Configuration for 'nodev2ray' is valid.
2026-09-15 17:56:39 - [OK] Configuration for 'nodefree' is valid.
2026-09-15 17:56:39 - [OK] Configuration for 'v2rayshare' is valid.
2026-09-15 17:56:39 - [OK] Configuration for 'wenode' is valid.
2026-09-15 17:56:39 - 
============================================================
2026-09-15 17:56:39 - === Starting Crawl ===
2026-09-15 17:56:39 - Max workers: 3
2026-09-15 17:56:39 - ============================================================
2026-09-15 17:56:39 - Running in concurrent mode with 3 workers...
2026-09-15 17:56:39 - 
============================================================
2026-09-15 17:56:39 - 
============================================================
2026-09-15 17:56:39 - clashmeta start
2026-09-15 17:56:39 - 
============================================================
2026-09-15 17:56:39 - ndnode start
2026-09-15 17:56:39 - ============================================================
2026-09-15 17:56:39 - nodev2ray start
2026-09-15 17:56:39 - ============================================================
2026-09-15 17:56:39 - ============================================================
2026-09-15 17:56:39 - clashmeta _parse_tag /free-nodes/latest-clash-meta-node-2026-9-9.htm
2026-09-15 17:56:39 - clashmeta found /free-nodes/latest-clash-meta-node-2026-9-9.htm on 2026-09-09
2026-09-15 17:56:39 - clashmeta _parse_tag /free-nodes/latest-clash-meta-node-2026-9-9.htm
2026-09-15 17:56:39 - clashmeta found /free-nodes/latest-clash-meta-node-2026-9-9.htm on 2026-09-09
2026-09-15 17:56:39 - clashmeta _parse_tag /free-nodes/2026-9-8-free-subscribe-node.htm
2026-09-15 17:56:39 - clashmeta found /free-nodes/2026-9-8-free-subscribe-node.htm on 2026-09-08
2026-09-15 17:56:39 - clashmeta _parse_tag /free-nodes/2026-9-8-free-subscribe-node.htm
2026-09-15 17:56:39 - clashmeta found /free-nodes/2026-9-8-free-subscribe-node.htm on 2026-09-08
2026-09-15 17:56:39 - clashmeta _parse_tag /free-nodes/clash-meta-node-github-2026-9-7.htm
2026-09-15 17:56:39 - clashmeta found /free-nodes/clash-meta-node-github-2026-9-7.htm on 2026-09-07
2026-09-15 17:56:39 - clashmeta _parse_tag /free-nodes/clash-meta-node-github-2026-9-7.htm
2026-09-15 17:56:39 - clashmeta found /free-nodes/clash-meta-node-github-2026-9-7.htm on 2026-09-07
2026-09-15 17:56:39 - clashmeta _parse_tag /free-nodes/2026-9-6-free-clash-meta-node.htm
2026-09-15 17:56:39 - clashmeta found /free-nodes/2026-9-6-free-clash-meta-node.htm on 2026-09-06
2026-09-15 17:56:39 - clashmeta _parse_tag /free-nodes/2026-9-6-free-clash-meta-node.htm
2026-09-15 17:56:39 - clashmeta found /free-nodes/2026-9-6-free-clash-meta-node.htm on 2026-09-06
2026-09-15 17:56:39 - clashmeta _parse_tag /free-nodes/clash-meta-node-github-2026-9-5.htm
2026-09-15 17:56:39 - clashmeta found /free-nodes/clash-meta-node-github-2026-9-5.htm on 2026-09-05
2026-09-15 17:56:39 - clashmeta _parse_tag /free-nodes/clash-meta-node-github-2026-9-5.htm
2026-09-15 17:56:39 - clashmeta found /free-nodes/clash-meta-node-github-2026-9-5.htm on 2026-09-05
2026-09-15 17:56:39 - clashmeta _parse_tag /free-nodes/2026-9-4-clash-meta-github.htm
2026-09-15 17:56:39 - clashmeta found /free-nodes/2026-9-4-clash-meta-github.htm on 2026-09-04
2026-09-15 17:56:39 - clashmeta _parse_tag /free-nodes/2026-9-4-clash-meta-github.htm
2026-09-15 17:56:39 - clashmeta found /free-nodes/2026-9-4-clash-meta-github.htm on 2026-09-04
2026-09-15 17:56:39 - clashmeta _parse_tag /free-nodes/clash-meta-node-github-2026-9-3.htm
2026-09-15 17:56:39 - clashmeta found /free-nodes/clash-meta-node-github-2026-9-3.htm on 2026-09-03
2026-09-15 17:56:39 - clashmeta _parse_tag /free-nodes/clash-meta-node-github-2026-9-3.htm
2026-09-15 17:56:39 - clashmeta found /free-nodes/clash-meta-node-github-2026-9-3.htm on 2026-09-03
2026-09-15 17:56:39 - clashmeta _parse_tag /free-nodes/2026-9-2-clash-meta-github.htm
2026-09-15 17:56:39 - clashmeta found /free-nodes/2026-9-2-clash-meta-github.htm on 2026-09-02
2026-09-15 17:56:39 - clashmeta _parse_tag /free-nodes/2026-9-2-clash-meta-github.htm
2026-09-15 17:56:39 - clashmeta found /free-nodes/2026-9-2-clash-meta-github.htm on 2026-09-02
2026-09-15 17:56:39 - clashmeta _parse_tag /free-nodes/node-share-links-2026-9-1.htm
2026-09-15 17:56:39 - clashmeta found /free-nodes/node-share-links-2026-9-1.htm on 2026-09-01
2026-09-15 17:56:39 - clashmeta _parse_tag /free-nodes/node-share-links-2026-9-1.htm
2026-09-15 17:56:39 - clashmeta found /free-nodes/node-share-links-2026-9-1.htm on 2026-09-01
2026-09-15 17:56:39 - clashmeta _parse_tag /free-nodes/clash-meta-windows-2026-8-31.htm
2026-09-15 17:56:39 - clashmeta found /free-nodes/clash-meta-windows-2026-8-31.htm on 2026-08-31
2026-09-15 17:56:39 - clashmeta _parse_tag /free-nodes/clash-meta-windows-2026-8-31.htm
2026-09-15 17:56:39 - clashmeta found /free-nodes/clash-meta-windows-2026-8-31.htm on 2026-08-31
2026-09-15 17:56:39 - clashmeta _parse_tag /free-nodes/2026-8-30-node-share.htm
2026-09-15 17:56:39 - clashmeta found /free-nodes/2026-8-30-node-share.htm on 2026-08-30
2026-09-15 17:56:39 - clashmeta _parse_tag /free-nodes/2026-8-30-node-share.htm
2026-09-15 17:56:39 - clashmeta found /free-nodes/2026-8-30-node-share.htm on 2026-08-30
2026-09-15 17:56:39 - clashmeta _parse_tag /free-nodes/clash-meta-node-github-2026-8-29.htm
2026-09-15 17:56:39 - clashmeta found /free-nodes/clash-meta-node-github-2026-8-29.htm on 2026-08-29
2026-09-15 17:56:39 - clashmeta _parse_tag /free-nodes/clash-meta-node-github-2026-8-29.htm
2026-09-15 17:56:39 - clashmeta found /free-nodes/clash-meta-node-github-2026-8-29.htm on 2026-08-29
2026-09-15 17:56:39 - clashmeta _parse_tag /free-nodes/2026-8-28-free-clash-meta-node.htm
2026-09-15 17:56:39 - clashmeta found /free-nodes/2026-8-28-free-clash-meta-node.htm on 2026-08-28
2026-09-15 17:56:39 - clashmeta _parse_tag /free-nodes/2026-8-28-free-clash-meta-node.htm
2026-09-15 17:56:39 - clashmeta found /free-nodes/2026-8-28-free-clash-meta-node.htm on 2026-08-28
2026-09-15 17:56:39 - clashmeta _parse_tag /free-nodes/free-node-subscribe-links-2026-8-27.htm
2026-09-15 17:56:39 - clashmeta found /free-nodes/free-node-subscribe-links-2026-8-27.htm on 2026-08-27
2026-09-15 17:56:39 - clashmeta _parse_tag /free-nodes/free-node-subscribe-links-2026-8-27.htm
2026-09-15 17:56:39 - clashmeta found /free-nodes/free-node-subscribe-links-2026-8-27.htm on 2026-08-27
2026-09-15 17:56:39 - clashmeta _parse_tag /free-nodes/2026-8-26-clash-meta-github.htm
2026-09-15 17:56:39 - clashmeta found /free-nodes/2026-8-26-clash-meta-github.htm on 2026-08-26
2026-09-15 17:56:39 - clashmeta _parse_tag /free-nodes/2026-8-26-clash-meta-github.htm
2026-09-15 17:56:39 - clashmeta found /free-nodes/2026-8-26-clash-meta-github.htm on 2026-08-26
2026-09-15 17:56:39 - clashmeta _parse_tag /free-nodes/clash-meta-windows-2026-8-25.htm
2026-09-15 17:56:39 - clashmeta found /free-nodes/clash-meta-windows-2026-8-25.htm on 2026-08-25
2026-09-15 17:56:39 - clashmeta _parse_tag /free-nodes/clash-meta-windows-2026-8-25.htm
2026-09-15 17:56:39 - clashmeta found /free-nodes/clash-meta-windows-2026-8-25.htm on 2026-08-25
2026-09-15 17:56:39 - clashmeta _parse_tag /free-nodes/2026-8-24-free-clash-meta-node.htm
2026-09-15 17:56:39 - clashmeta found /free-nodes/2026-8-24-free-clash-meta-node.htm on 2026-08-24
2026-09-15 17:56:39 - clashmeta _parse_tag /free-nodes/2026-8-24-free-clash-meta-node.htm
2026-09-15 17:56:39 - clashmeta found /free-nodes/2026-8-24-free-clash-meta-node.htm on 2026-08-24
2026-09-15 17:56:39 - clashmeta _parse_tag /free-nodes/clash-meta-node-github-2026-8-23.htm
2026-09-15 17:56:39 - clashmeta found /free-nodes/clash-meta-node-github-2026-8-23.htm on 2026-08-23
2026-09-15 17:56:39 - clashmeta _parse_tag /free-nodes/clash-meta-node-github-2026-8-23.htm
2026-09-15 17:56:39 - clashmeta found /free-nodes/clash-meta-node-github-2026-8-23.htm on 2026-08-23
2026-09-15 17:56:39 - clashmeta _parse_tag /free-nodes/2026-8-22-clash-meta-github.htm
2026-09-15 17:56:39 - clashmeta found /free-nodes/2026-8-22-clash-meta-github.htm on 2026-08-22
2026-09-15 17:56:39 - clashmeta _parse_tag /free-nodes/2026-8-22-clash-meta-github.htm
2026-09-15 17:56:39 - clashmeta found /free-nodes/2026-8-22-clash-meta-github.htm on 2026-08-22
2026-09-15 17:56:39 - clashmeta _parse_tag /free-nodes/node-share-links-2026-8-21.htm
2026-09-15 17:56:39 - clashmeta found /free-nodes/node-share-links-2026-8-21.htm on 2026-08-21
2026-09-15 17:56:39 - clashmeta _parse_tag /free-nodes/node-share-links-2026-8-21.htm
2026-09-15 17:56:39 - clashmeta found /free-nodes/node-share-links-2026-8-21.htm on 2026-08-21
2026-09-15 17:56:39 - clashmeta latest date on website: 2026-09-09, configured up_date: 2026-09-09
2026-09-15 17:56:39 - clashmeta is up to date, skipping (latest: 2026-09-09)
2026-09-15 17:56:39 - 
============================================================
2026-09-15 17:56:39 - nodefree start
2026-09-15 17:56:39 - ============================================================
2026-09-15 17:56:39 - Target completed: clashmeta [[OK] Success]
2026-09-15 17:56:40 - nodefree _parse_tag https://nodefree.me/p/3662.html
2026-09-15 17:56:40 - nodefree found https://nodefree.me/p/3662.html on 2026-09-15
2026-09-15 17:56:40 - nodefree _parse_tag https://nodefree.me/p/3663.html
2026-09-15 17:56:40 - nodefree found https://nodefree.me/p/3663.html on 2026-09-14
2026-09-15 17:56:40 - nodefree _parse_tag https://nodefree.me/p/3664.html
2026-09-15 17:56:40 - nodefree found https://nodefree.me/p/3664.html on 2026-09-13
2026-09-15 17:56:40 - nodefree _parse_tag https://nodefree.me/p/3665.html
2026-09-15 17:56:40 - nodefree found https://nodefree.me/p/3665.html on 2026-09-12
2026-09-15 17:56:40 - nodefree _parse_tag https://nodefree.me/p/3666.html
2026-09-15 17:56:40 - nodefree found https://nodefree.me/p/3666.html on 2026-09-11
2026-09-15 17:56:40 - nodefree _parse_tag https://nodefree.me/p/3667.html
2026-09-15 17:56:40 - nodefree found https://nodefree.me/p/3667.html on 2026-09-10
2026-09-15 17:56:40 - nodefree _parse_tag https://nodefree.me/p/3668.html
2026-09-15 17:56:40 - nodefree found https://nodefree.me/p/3668.html on 2026-09-09
2026-09-15 17:56:40 - nodefree _parse_tag https://nodefree.me/p/3669.html
2026-09-15 17:56:40 - nodefree found https://nodefree.me/p/3669.html on 2026-09-08
2026-09-15 17:56:40 - nodefree _parse_tag https://nodefree.me/p/3670.html
2026-09-15 17:56:40 - nodefree found https://nodefree.me/p/3670.html on 2026-09-07
2026-09-15 17:56:40 - nodefree _parse_tag https://nodefree.me/p/3671.html
2026-09-15 17:56:40 - nodefree found https://nodefree.me/p/3671.html on 2026-09-06
2026-09-15 17:56:40 - nodefree latest date on website: 2026-09-15, configured up_date: 2026-09-15
2026-09-15 17:56:40 - nodefree is up to date, skipping (latest: 2026-09-15)
2026-09-15 17:56:40 - 
============================================================
2026-09-15 17:56:40 - Target completed: nodefree [[OK] Success]
2026-09-15 17:56:40 - v2rayshare start
2026-09-15 17:56:40 - ============================================================
2026-09-15 17:56:40 - ndnode ERROR: No matching tags found
2026-09-15 17:56:40 - 
============================================================
2026-09-15 17:56:40 - Target completed: ndnode [[FAIL] Failed]
2026-09-15 17:56:40 - wenode start
2026-09-15 17:56:40 - ============================================================
2026-09-15 17:56:40 - nodev2ray ERROR: No matching tags found
2026-09-15 17:56:40 - Target completed: nodev2ray [[FAIL] Failed]
2026-09-15 17:56:40 - v2rayshare _parse_tag https://v2rayshare.net/p/5065.html
2026-09-15 17:56:40 - v2rayshare found https://v2rayshare.net/p/5065.html on 2026-09-15
2026-09-15 17:56:40 - v2rayshare _parse_tag https://v2rayshare.net/p/5066.html
2026-09-15 17:56:40 - v2rayshare found https://v2rayshare.net/p/5066.html on 2026-09-14
2026-09-15 17:56:40 - v2rayshare _parse_tag https://v2rayshare.net/p/5067.html
2026-09-15 17:56:40 - v2rayshare found https://v2rayshare.net/p/5067.html on 2026-09-13
2026-09-15 17:56:40 - v2rayshare _parse_tag https://v2rayshare.net/p/5068.html
2026-09-15 17:56:40 - v2rayshare found https://v2rayshare.net/p/5068.html on 2026-09-12
2026-09-15 17:56:40 - v2rayshare _parse_tag https://v2rayshare.net/p/5069.html
2026-09-15 17:56:40 - v2rayshare found https://v2rayshare.net/p/5069.html on 2026-09-11
2026-09-15 17:56:40 - v2rayshare _parse_tag https://v2rayshare.net/p/5070.html
2026-09-15 17:56:40 - v2rayshare found https://v2rayshare.net/p/5070.html on 2026-09-10
2026-09-15 17:56:40 - v2rayshare _parse_tag https://v2rayshare.net/p/5071.html
2026-09-15 17:56:40 - v2rayshare found https://v2rayshare.net/p/5071.html on 2026-09-09
2026-09-15 17:56:40 - v2rayshare _parse_tag https://v2rayshare.net/p/5072.html
2026-09-15 17:56:40 - v2rayshare found https://v2rayshare.net/p/5072.html on 2026-09-08
2026-09-15 17:56:40 - v2rayshare _parse_tag https://v2rayshare.net/p/5073.html
2026-09-15 17:56:40 - v2rayshare found https://v2rayshare.net/p/5073.html on 2026-09-07
2026-09-15 17:56:40 - v2rayshare _parse_tag https://v2rayshare.net/p/5074.html
2026-09-15 17:56:40 - v2rayshare found https://v2rayshare.net/p/5074.html on 2026-09-06
2026-09-15 17:56:40 - v2rayshare latest date on website: 2026-09-15, configured up_date: 2026-09-15
2026-09-15 17:56:40 - v2rayshare is up to date, skipping (latest: 2026-09-15)
2026-09-15 17:56:40 - Target completed: v2rayshare [[OK] Success]
2026-09-15 17:57:41 - wenode ERROR: Failed to fetch main page: HTTPSConnectionPool(host='wenode.cc', port=443): Max retries exceeded with url: / (Caused by NewConnectionError("HTTPSConnection(host='wenode.cc', port=443): Failed to establish a new connection: [Errno 101] Network is unreachable"))
2026-09-15 17:57:41 - Target completed: wenode [[FAIL] Failed]
2026-09-15 17:57:41 - Session closed
2026-09-15 17:57:41 - 
============================================================
2026-09-15 17:57:41 - === Crawl Complete ===
2026-09-15 17:57:41 - ============================================================
2026-09-15 17:57:41 - Time elapsed: 61.61 seconds
2026-09-15 17:57:41 - Overall success rate: 3/6
2026-09-15 17:57:41 -   [OK] SUCCESS: clashmeta
2026-09-15 17:57:41 -   [OK] SUCCESS: nodefree
2026-09-15 17:57:41 -   [FAIL] FAILED: ndnode
2026-09-15 17:57:41 -   [FAIL] FAILED: nodev2ray
2026-09-15 17:57:41 -   [OK] SUCCESS: v2rayshare
2026-09-15 17:57:41 -   [FAIL] FAILED: wenode
